// Jest Snapshot v1, https://goo.gl/fbAQLP

exports[`TheSidebar Componente n√£o alterado 1`] = `"<section class=\\"TheSidebar\\"></section>"`;
