// Jest Snapshot v1, https://goo.gl/fbAQLP

exports[`InputGroup Componente n√£o alterado 1`] = `
"<div class=\\"InputGroup\\">
  <!----> <input class=\\"InputGroup__input\\">
  <!---->
</div>"
`;
