// Jest Snapshot v1, https://goo.gl/fbAQLP

exports[`BaseHeading Componente n√£o alterado 1`] = `
"<section class=\\"BaseHeading\\">
  <!---->
  <h1></h1>
</section>"
`;
