// Jest Snapshot v1, https://goo.gl/fbAQLP

exports[`Icon Componente n√£o alterado 1`] = `"<img src=\\"check.svg\\" class=\\"Icon\\">"`;
