// Jest Snapshot v1, https://goo.gl/fbAQLP

exports[`BaseBackButton Componente n√£o alterado 1`] = `
"<section><a class=\\"BaseBackButton\\">

  </a></section>"
`;
